2024-06-15 08:01:02,114 INFO  [app.startup] Application starting up — environment=production
2024-06-15 08:01:02,891 INFO  [app.startup] Database connection established pool_size=10
2024-06-15 08:01:03,204 INFO  [app.startup] Cache warmed up entries=4821
2024-06-15 08:01:05,317 INFO  [app.startup] HTTP server listening on port 8080
2024-06-15 08:03:11,042 INFO  [app.auth] User login succeeded user_id=USR-4491 ip=10.0.0.5
2024-06-15 08:03:11,199 INFO  [app.auth] Session created session_id=sess-abc123 ttl=3600s
2024-06-15 08:04:22,558 INFO  [app.customer] Customer record loaded customer_id=CUST-001
2024-06-15 08:04:22,601 INFO  [app.customer] Processing customer email: john.doe@example.com
2024-06-15 08:04:22,834 INFO  [app.customer] Notification queued customer_id=CUST-001 channel=email
2024-06-15 08:05:10,021 INFO  [app.auth] User login succeeded user_id=USR-7723 ip=10.0.0.12
2024-06-15 08:05:31,447 INFO  [app.customer] Customer record loaded customer_id=CUST-002
2024-06-15 08:05:31,502 INFO  [app.customer] Processing customer phone: +60 12-345 6789
2024-06-15 08:05:31,611 INFO  [app.customer] Profile update queued customer_id=CUST-002
2024-06-15 08:06:00,883 INFO  [app.payments] Payment gateway connection OK
2024-06-15 08:06:14,127 INFO  [app.payments] Charge request submitted transaction_ref=TXN-A1B2C3D4
2024-06-15 08:07:45,309 INFO  [app.payments] Settlement batch started batch_id=BATCH-20240615-01
2024-06-15 08:08:03,471 INFO  [app.customer] KYC verification requested customer_id=CUST-003
2024-06-15 08:08:03,529 ERROR [app.customer] KYC check failed ic_number=901231-14-5678 reason=expired_document
2024-06-15 08:08:03,531 ERROR [app.customer] Retrying KYC with manual review queue customer_id=CUST-003
2024-06-15 08:09:15,002 INFO  [app.payments] Refund issued transaction_ref=TXN-00FF1122 amount=50.00 MYR
2024-06-15 08:10:28,774 INFO  [app.auth] Token refresh succeeded user_id=USR-4491
2024-06-15 08:11:44,330 INFO  [app.customer] Bulk export started records=250 format=csv
2024-06-15 08:12:00,018 INFO  [app.payments] Funds transfer initiated customer_id=CUST-001
2024-06-15 08:12:00,055 INFO  [app.payments] Transferring from account: ACC-1234567890 amount=500.00 MYR
2024-06-15 08:12:00,112 INFO  [app.payments] Transfer queued transaction_ref=TXN-DEADBEEF
2024-06-15 08:13:07,201 INFO  [app.scheduler] Cleanup job started target=expired_sessions
2024-06-15 08:13:07,892 INFO  [app.scheduler] Cleanup complete removed=37 sessions
2024-06-15 08:14:19,548 DEBUG [app.payments] Raw charge request card=4111 1111 1111 1111 amount=199.90
2024-06-15 08:14:19,712 INFO  [app.payments] Charge approved transaction_ref=TXN-C0FFEE01
2024-06-15 08:15:00,003 INFO  [app.startup] Health check OK uptime=4435s
